---
source: crates/puffin_parser/src/parser.rs
expression: output
---
SOURCE_FILE@0..23
    EXPR_STMT@0..23
        BIN_EXPR@0..23
            PAREN_EXPR@0..9
                ( |L_PAREN@0..1
                BIN_EXPR@1..8
                    1 |INT@1..2
                      |WHITESPACE@2..3
                    + |PLUS@3..4
                      |WHITESPACE@4..5
                    PAREN_EXPR@5..8
                        ( |L_PAREN@5..6
                        1 |INT@6..7
                        ) |R_PAREN@7..8
                ) |R_PAREN@8..9
              |WHITESPACE@9..10
            - |MINUS@10..11
              |WHITESPACE@11..12
            PAREN_EXPR@12..23
                ( |L_PAREN@12..13
                BIN_EXPR@13..22
                    BIN_EXPR@13..19
                        2 |INT@13..14
                          |WHITESPACE@14..15
                        + |PLUS@15..16
                          |WHITESPACE@16..17
                        1 |INT@17..18
                          |WHITESPACE@18..19
                    + |PLUS@19..20
                      |WHITESPACE@20..21
                    2 |INT@21..22
                ) |R_PAREN@22..23

