---
source: crates/puffin_parser/src/lexer.rs
expression: output
---
"|src:test.pf||and:and||whitespace: ||ident:sometoiurng||whitespace: ||or:or||whitespace: ||ident:skngeing|"

