---
source: crates/puffin_parser/src/ast_parser.rs
expression: "format!(\"{:#?}\", root)"
---
"Root {\n    contents: [\n        ExprStmt(\n            Binary(\n                Subtract(\n                    SubtractBinaryExpr {\n                        range: 0..22,\n                        a: Binary(\n                            Group(\n                                GroupBinaryExpr {\n                                    range: 0..8,\n                                    a: Binary(\n                                        Add(\n                                            AddBinaryExpr {\n                                                range: 1..8,\n                                                a: Lit(\n                                                    Int(\n                                                        IntLiteral {\n                                                            range: 1..2,\n                                                            int: 1,\n                                                        },\n                                                    ),\n                                                ),\n                                                b: Binary(\n                                                    Group(\n                                                        GroupBinaryExpr {\n                                                            range: 5..7,\n                                                            a: Lit(\n                                                                Int(\n                                                                    IntLiteral {\n                                                                        range: 6..7,\n                                                                        int: 1,\n                                                                    },\n                                                                ),\n                                                            ),\n                                                        },\n                                                    ),\n                                                ),\n                                            },\n                                        ),\n                                    ),\n                                },\n                            ),\n                        ),\n                        b: Binary(\n                            Group(\n                                GroupBinaryExpr {\n                                    range: 12..21,\n                                    a: Binary(\n                                        Add(\n                                            AddBinaryExpr {\n                                                range: 13..21,\n                                                a: Binary(\n                                                    Add(\n                                                        AddBinaryExpr {\n                                                            range: 13..18,\n                                                            a: Lit(\n                                                                Int(\n                                                                    IntLiteral {\n                                                                        range: 13..14,\n                                                                        int: 2,\n                                                                    },\n                                                                ),\n                                                            ),\n                                                            b: Lit(\n                                                                Int(\n                                                                    IntLiteral {\n                                                                        range: 17..18,\n                                                                        int: 1,\n                                                                    },\n                                                                ),\n                                                            ),\n                                                        },\n                                                    ),\n                                                ),\n                                                b: Lit(\n                                                    Int(\n                                                        IntLiteral {\n                                                            range: 20..21,\n                                                            int: 2,\n                                                        },\n                                                    ),\n                                                ),\n                                            },\n                                        ),\n                                    ),\n                                },\n                            ),\n                        ),\n                    },\n                ),\n            ),\n        ),\n    ],\n}"

