---
source: crates/puffin_parser/src/parser.rs
expression: output
---
"SOURCE_FILE@0..1\n    1 |INT@0..1\n"

