---
source: crates/puffin_parser/src/ast_parser.rs
expression: "format!(\"{:#?}\", root)"
---
"Root {\n    contents: [\n        ExprStmt(\n            Binary(\n                Add(\n                    AddBinaryExpr {\n                        line: 1,\n                        a: Binary(\n                            Negate(\n                                NegateBinaryExpr {\n                                    line: 1,\n                                    a: Lit(\n                                        Int(\n                                            IntLiteral {\n                                                line: 1,\n                                                int: 1,\n                                            },\n                                        ),\n                                    ),\n                                },\n                            ),\n                        ),\n                        b: Lit(\n                            Int(\n                                IntLiteral {\n                                    line: 1,\n                                    int: 2,\n                                },\n                            ),\n                        ),\n                    },\n                ),\n            ),\n        ),\n    ],\n}"

