---
source: crates/puffin_parser/src/lexer.rs
expression: output
---
"|src:test.pf||float:1.23||whitespace: ||int:42|"

