---
source: crates/puffin_parser/src/parser.rs
expression: output
---
SOURCE_FILE@0..8
    EXPR_STMT@0..8
        BIN_EXPR@0..8
            PREFIX_EXPR@0..4
                - |MINUS@0..1
                PREFIX_EXPR@1..4
                    - |MINUS@1..2
                    1 |INT@2..3
                      |WHITESPACE@3..4
            + |PLUS@4..5
              |WHITESPACE@5..6
            PREFIX_EXPR@6..8
                - |MINUS@6..7
                2 |INT@7..8

