---
source: crates/puffin_parser/src/parser.rs
expression: output
---
"SOURCE_FILE@0..25\n    BIN_EXPR@0..25\n        BIN_EXPR@0..16\n            1 |INT@0..1\n              |WHITESPACE@1..2\n            + |PLUS@2..3\n              |WHITESPACE@3..4\n            BIN_EXPR@4..16\n                2 |INT@4..5\n                  |WHITESPACE@5..6\n                * |STAR@6..7\n                  |WHITESPACE@7..8\n                PAREN_EXPR@8..15\n                    ( |L_PAREN@8..9\n                    BIN_EXPR@9..14\n                        3 |INT@9..10\n                          |WHITESPACE@10..11\n                        - |MINUS@11..12\n                          |WHITESPACE@12..13\n                        2 |INT@13..14\n                    ) |R_PAREN@14..15\n                  |WHITESPACE@15..16\n        + |PLUS@16..17\n          |WHITESPACE@17..18\n        PAREN_EXPR@18..25\n            ( |L_PAREN@18..19\n            BIN_EXPR@19..24\n                1 |INT@19..20\n                  |WHITESPACE@20..21\n                * |STAR@21..22\n                  |WHITESPACE@22..23\n                2 |INT@23..24\n            ) |R_PAREN@24..25\n"

