---
source: crates/puffin_error/src/compiler.rs
expression: "error.debug_display(\"test\",\n    src.split_inclusive('\\n').enumerate().map(|l| (l.0 + 1, l.1)).collect())"
---
ERROR[0001]: unexpected symbol
--> test:1:3
1 | a skip here
  |   ^^^^ skip 1
  | ...
3 | and a skip there
  |       ---- skip 2

